// Jest Snapshot v1, https://goo.gl/fbAQLP

exports[`The todo.vue component The todo.vue component renders a component 1`] = `
"<form>
  <h1>Todo-App</h1><label>Add todo here </label><input type=\\"text\\"><button>Add</button>
</form>"
`;
